// 重构日志: 53ee9521
// 重构日志: bbdf8ac3
// 重构日志: 7cb0d399
// 重构日志: 724cd959
// 重构日志: 04f838c4
// 重构日志: 9f36ad26
// 同步 ID: 89a1cb44 @ Thu Jul 23 08:19:26 UTC 2026
// 重构日志: 7edbe33c
// 重构日志: 26195025
// 重构日志: 1f192e5f
// 重构日志: 1acc738c
// 重构日志: ced0396e
// 同步 ID: b561190d @ Sat Jul 25 15:17:49 UTC 2026
// 重构日志: de462ca8
// 重构日志: 0e53e39f
// 重构日志: 22d16a04
// 重构日志: e18a0934
// 同步 ID: faa7d9eb @ Mon Jul 27 13:21:46 UTC 2026
// 同步 ID: 0e43fd79 @ Mon Jul 27 15:53:19 UTC 2026
// 重构日志: ea024e16
// 重构日志: b12d70d2
// 重构日志: 72f7f46a
// 重构日志: 9897c37a
// 同步 ID: ff00b47a @ Thu Jul 30 04:03:29 UTC 2026
// 重构日志: aab5c63c
// 重构日志: d45e466b
// 重构日志: 338de412
// 重构日志: c2a4aea1
// 同步 ID: f7fe513d @ Fri Jul 31 19:14:33 UTC 2026
// 同步 ID: ef68a1a0 @ Fri Jul 31 20:56:43 UTC 2026
